2026-08-26 14:51:35.495    InitRouter:     Swisspass alternative started started
2026-08-26 14:51:45.687    InitRouter:     Swisspass alternative started started
2026-08-26 14:51:45.688    InitRouter:     HTTP server on port 80
2026-08-26 14:56:12.032    InitRouter:     Swisspass alternative started starting
2026-08-26 14:56:12.032    AdminRouter:    test
2026-08-26 15:00:00.042    InitRouter:     Swisspass alternative started starting
2026-08-26 15:00:00.043    InitRouter:     HTTP server on port 80
2026-08-26 15:00:34.503    InitRouter:     Swisspass alternative started starting
2026-08-26 15:00:34.504    AdminRouter:    test
2026-08-26 15:00:34.504    InitRouter:     HTTP server on port 80
2026-08-26 15:00:34.805    AdminRouter:    test
2026-08-26 15:00:35.104    AdminRouter:    test
2026-08-26 15:00:35.405    AdminRouter:    test
2026-08-26 15:00:35.704    AdminRouter:    test
2026-08-26 15:00:36.005    AdminRouter:    test
2026-08-26 15:00:36.304    AdminRouter:    test
2026-08-26 15:00:36.605    AdminRouter:    test
2026-08-26 15:00:36.905    AdminRouter:    test
2026-08-26 15:00:37.206    AdminRouter:    test
2026-08-26 15:00:37.506    AdminRouter:    test
2026-08-26 15:00:37.807    AdminRouter:    test
2026-08-26 15:00:38.107    AdminRouter:    test
2026-08-26 15:00:38.408    AdminRouter:    test
2026-08-26 15:00:38.708    AdminRouter:    test
2026-08-26 15:00:39.009    AdminRouter:    test
2026-08-26 15:00:39.309    AdminRouter:    test
2026-08-26 15:00:39.610    AdminRouter:    test
2026-08-26 15:00:39.910    AdminRouter:    test
2026-08-26 15:00:40.210    AdminRouter:    test
2026-08-26 15:11:17.970    InitRouter:     Swisspass alternative started starting
2026-08-26 15:11:17.992    InitRouter:     HTTP server on port 80
2026-08-26 15:16:51.298    InitRouter:     Swisspass alternative started starting
2026-08-26 15:16:51.319    InitRouter:     HTTP server on port 80
2026-08-26 15:18:15.059    InitRouter:     Swisspass alternative started starting
2026-08-26 15:18:15.076    InitRouter:     HTTP server on port 80
2026-08-26 15:19:47.002    InitRouter:     Swisspass alternative started starting
2026-08-26 15:19:47.019    InitRouter:     HTTP server on port 80
2026-08-26 15:21:22.155    InitRouter:     Swisspass alternative started starting
2026-08-26 15:21:22.172    InitRouter:     HTTP server on port 80
2026-08-26 15:21:29.995    InitRouter:     Swisspass alternative started starting
2026-08-26 15:21:30.014    InitRouter:     HTTP server on port 80
2026-08-26 15:22:27.087    InitRouter:     Swisspass alternative started starting
2026-08-26 15:22:27.105    InitRouter:     HTTP server on port 80
2026-08-26 15:24:24.266    InitRouter:     Swisspass alternative started starting
2026-08-26 15:24:24.284    InitRouter:     HTTP server on port 80
2026-08-26 15:24:24.441    TokenRouter:    eyJraWQiOiI1ZmZkY2YwMSIsInR5cCI6IkpXVCIsImFsZyI6IkVTMzg0In0.eyJzdWIiOiI5OTE0NTIyZi1mMGJmLTRkNzYtYWIyYy0yMjE3MmE1NzA0OTAiLCJ0a2lkIjoiNDY1MzQ3MGQtYjQ4Mi1mZTM5LWUwNTMtYjEyYTFjYWM3M2Y1IiwiaXNzIjoiaHR0cHM6Ly9sb2dpbi5zd2lzc3Bhc3MuY2gvdjMvb2V2LW9hdXRoL3Jlc3Qvb2F1dGgyL2F1dGhvcml6YXRpb24tc2VydmVycy9zd2lzc3Bhc3NfY2giLCJjbGllbnRfaWQiOiJzd2lzc3Bhc3NfY2giLCJyYW5kb20iOiJsODJYdzlHZHRRUm12bGQwUU9nc0tGTWtZQWVEdmhEMGx6N0lHdVdRIiwibmJmIjoxNzg3NzU3ODU5LCJub3ZhX2NsaWVudF9jb2RlIjoiOTk1IiwiaWFsIjoiSUFMMiIsImF6cCI6InN3aXNzcGFzc19jaCIsIm5vdmFfb3JnX2NvZGUiOiIxMSIsInNjb3BlIjpbIkFDUl9MZXZlbF8xMCIsImN1c3RvbWVyIl0sIm5vdmFfc3ViIjoiNDY1MzQ3MGQtYjQ4Mi1mZTM5LWUwNTMtYjEyYTFjYWM3M2Y1IiwiZXhwIjoxNzg3NzU4MjI0LCJpYXQiOjE3ODc3NTc4NjQsImp0aSI6InlrNndna0djNndTSGJFMzRIYUJFTk5sZWZ1dSJ9.1i5s7jQ6MJvWKYt9aI-E8E_naYQt2m8v3-XaxORF3t-4xSP3i97W6D-vNUAQUTr-v71b3APgZNr1zECU5t02rfgrqKrPvYbQ-_Erp9K2XUKwqRa0oE4yuZh3PEkvepoO
2026-08-26 15:24:27.389    TokenRouter:    eyJraWQiOiI1ZmZkY2YwMSIsInR5cCI6IkpXVCIsImFsZyI6IkVTMzg0In0.eyJzdWIiOiI5OTE0NTIyZi1mMGJmLTRkNzYtYWIyYy0yMjE3MmE1NzA0OTAiLCJ0a2lkIjoiNDY1MzQ3MGQtYjQ4Mi1mZTM5LWUwNTMtYjEyYTFjYWM3M2Y1IiwiaXNzIjoiaHR0cHM6Ly9sb2dpbi5zd2lzc3Bhc3MuY2gvdjMvb2V2LW9hdXRoL3Jlc3Qvb2F1dGgyL2F1dGhvcml6YXRpb24tc2VydmVycy9zd2lzc3Bhc3NfY2giLCJjbGllbnRfaWQiOiJzd2lzc3Bhc3NfY2giLCJyYW5kb20iOiJINDZUd3YzMndUVXFtc2xWUjFhQ3U0Q084UmU4NjBlZTU1T1VDb0JMIiwibmJmIjoxNzg3NzU3ODYyLCJub3ZhX2NsaWVudF9jb2RlIjoiOTk1IiwiaWFsIjoiSUFMMiIsImF6cCI6InN3aXNzcGFzc19jaCIsIm5vdmFfb3JnX2NvZGUiOiIxMSIsInNjb3BlIjpbIkFDUl9MZXZlbF8xMCIsImN1c3RvbWVyIl0sIm5vdmFfc3ViIjoiNDY1MzQ3MGQtYjQ4Mi1mZTM5LWUwNTMtYjEyYTFjYWM3M2Y1IiwiZXhwIjoxNzg3NzU4MjI3LCJpYXQiOjE3ODc3NTc4NjcsImp0aSI6InZvczN1SHpxNUt4RTBkOUN4UHhsY2VWZjgxaCJ9.oFvqcDhSSrh-rKRTYq4CzmLUsDFi_YEo11HzOSgjz-z8j1hEQcZZ1Bikj2kbnCuBz4eFLyNL2fylYAZEmcu_90DB43MS15vKBPiuCBlcWDjV0hBaPdRVpmz68zAT7Rqh
2026-08-26 15:24:30.385    TokenRouter:    eyJraWQiOiI1ZmZkY2YwMSIsInR5cCI6IkpXVCIsImFsZyI6IkVTMzg0In0.eyJzdWIiOiI5OTE0NTIyZi1mMGJmLTRkNzYtYWIyYy0yMjE3MmE1NzA0OTAiLCJ0a2lkIjoiNDY1MzQ3MGQtYjQ4Mi1mZTM5LWUwNTMtYjEyYTFjYWM3M2Y1IiwiaXNzIjoiaHR0cHM6Ly9sb2dpbi5zd2lzc3Bhc3MuY2gvdjMvb2V2LW9hdXRoL3Jlc3Qvb2F1dGgyL2F1dGhvcml6YXRpb24tc2VydmVycy9zd2lzc3Bhc3NfY2giLCJjbGllbnRfaWQiOiJzd2lzc3Bhc3NfY2giLCJyYW5kb20iOiJpRTZBMFJUbU5PeHA1ZEJ4aGNnSndJMUNWYXc1Q2xDZ1FSa1BrYWFHIiwibmJmIjoxNzg3NzU3ODY1LCJub3ZhX2NsaWVudF9jb2RlIjoiOTk1IiwiaWFsIjoiSUFMMiIsImF6cCI6InN3aXNzcGFzc19jaCIsIm5vdmFfb3JnX2NvZGUiOiIxMSIsInNjb3BlIjpbIkFDUl9MZXZlbF8xMCIsImN1c3RvbWVyIl0sIm5vdmFfc3ViIjoiNDY1MzQ3MGQtYjQ4Mi1mZTM5LWUwNTMtYjEyYTFjYWM3M2Y1IiwiZXhwIjoxNzg3NzU4MjMwLCJpYXQiOjE3ODc3NTc4NzAsImp0aSI6IkdRQzBNWFh3RElzdGR2RE9iSE1GZkpObjIyUiJ9.5BEAIrXJJO1W-8_6tdx8vY3woHg9RTV1aZo4sVPb1YFsRUzCWBJUp0C-0RnywkXrLkh5nbuUCk6w8frFcU_erYqOYpDZ140aOJ8e-8z1xL7oP_34yVmu4vH5lrfZVSdz
2026-08-26 15:24:33.372    TokenRouter:    eyJraWQiOiI1ZmZkY2YwMSIsInR5cCI6IkpXVCIsImFsZyI6IkVTMzg0In0.eyJzdWIiOiI5OTE0NTIyZi1mMGJmLTRkNzYtYWIyYy0yMjE3MmE1NzA0OTAiLCJ0a2lkIjoiNDY1MzQ3MGQtYjQ4Mi1mZTM5LWUwNTMtYjEyYTFjYWM3M2Y1IiwiaXNzIjoiaHR0cHM6Ly9sb2dpbi5zd2lzc3Bhc3MuY2gvdjMvb2V2LW9hdXRoL3Jlc3Qvb2F1dGgyL2F1dGhvcml6YXRpb24tc2VydmVycy9zd2lzc3Bhc3NfY2giLCJjbGllbnRfaWQiOiJzd2lzc3Bhc3NfY2giLCJyYW5kb20iOiJaZjJnSlZVVGxEbmNmR1JZQU5HeTI5b2RJYWgybUQ4TkYySjh5M2hWIiwibmJmIjoxNzg3NzU3ODY4LCJub3ZhX2NsaWVudF9jb2RlIjoiOTk1IiwiaWFsIjoiSUFMMiIsImF6cCI6InN3aXNzcGFzc19jaCIsIm5vdmFfb3JnX2NvZGUiOiIxMSIsInNjb3BlIjpbIkFDUl9MZXZlbF8xMCIsImN1c3RvbWVyIl0sIm5vdmFfc3ViIjoiNDY1MzQ3MGQtYjQ4Mi1mZTM5LWUwNTMtYjEyYTFjYWM3M2Y1IiwiZXhwIjoxNzg3NzU4MjMzLCJpYXQiOjE3ODc3NTc4NzMsImp0aSI6Inp6WjkyRVBCdFJuWHJycmFnbTZETE5iQ0NvYiJ9.urkGSVgNJTtjbXMMrkdsJAhCx09xju-yh36vB6phYTgw5b8XC3L4l4HhPEBhSij7aBQ4m7LHupxCd8KBg3MagtASpNrW-sFHNwWrky_kXL8tsw7sRhz4vO7Ooth2oUpl
2026-08-26 15:24:36.414    TokenRouter:    eyJraWQiOiI1ZmZkY2YwMSIsInR5cCI6IkpXVCIsImFsZyI6IkVTMzg0In0.eyJzdWIiOiI5OTE0NTIyZi1mMGJmLTRkNzYtYWIyYy0yMjE3MmE1NzA0OTAiLCJ0a2lkIjoiNDY1MzQ3MGQtYjQ4Mi1mZTM5LWUwNTMtYjEyYTFjYWM3M2Y1IiwiaXNzIjoiaHR0cHM6Ly9sb2dpbi5zd2lzc3Bhc3MuY2gvdjMvb2V2LW9hdXRoL3Jlc3Qvb2F1dGgyL2F1dGhvcml6YXRpb24tc2VydmVycy9zd2lzc3Bhc3NfY2giLCJjbGllbnRfaWQiOiJzd2lzc3Bhc3NfY2giLCJyYW5kb20iOiJlbnRLWmlCWnFwdTNQZExCTmZRZ1VpQXRXTEoyenVqblRvZVR6YmF2IiwibmJmIjoxNzg3NzU3ODcxLCJub3ZhX2NsaWVudF9jb2RlIjoiOTk1IiwiaWFsIjoiSUFMMiIsImF6cCI6InN3aXNzcGFzc19jaCIsIm5vdmFfb3JnX2NvZGUiOiIxMSIsInNjb3BlIjpbIkFDUl9MZXZlbF8xMCIsImN1c3RvbWVyIl0sIm5vdmFfc3ViIjoiNDY1MzQ3MGQtYjQ4Mi1mZTM5LWUwNTMtYjEyYTFjYWM3M2Y1IiwiZXhwIjoxNzg3NzU4MjM2LCJpYXQiOjE3ODc3NTc4NzYsImp0aSI6ImNjQ2VHRkhVblpnYjJiWjBDTVNFNTBZQjdoUCJ9.mJkey0CshM6cNCoAP5OqF6pKZQkM7AeSjZkDsMOA3Q-ilGXSpJj-FCuWeuMIlr18S5BrcKsLpZTN1qqn_duWLXS3OeCIM3GlujtsaJ1_AhgM_QeXch9HBo3L3fAQTjXM
2026-08-26 15:24:39.465    TokenRouter:    eyJraWQiOiI1ZmZkY2YwMSIsInR5cCI6IkpXVCIsImFsZyI6IkVTMzg0In0.eyJzdWIiOiI5OTE0NTIyZi1mMGJmLTRkNzYtYWIyYy0yMjE3MmE1NzA0OTAiLCJ0a2lkIjoiNDY1MzQ3MGQtYjQ4Mi1mZTM5LWUwNTMtYjEyYTFjYWM3M2Y1IiwiaXNzIjoiaHR0cHM6Ly9sb2dpbi5zd2lzc3Bhc3MuY2gvdjMvb2V2LW9hdXRoL3Jlc3Qvb2F1dGgyL2F1dGhvcml6YXRpb24tc2VydmVycy9zd2lzc3Bhc3NfY2giLCJjbGllbnRfaWQiOiJzd2lzc3Bhc3NfY2giLCJyYW5kb20iOiI4REF1cFFDME1PUTlEWDlSWTRBWk05eW1PcmNnNGtIUzlEck9uTGNtIiwibmJmIjoxNzg3NzU3ODc0LCJub3ZhX2NsaWVudF9jb2RlIjoiOTk1IiwiaWFsIjoiSUFMMiIsImF6cCI6InN3aXNzcGFzc19jaCIsIm5vdmFfb3JnX2NvZGUiOiIxMSIsInNjb3BlIjpbIkFDUl9MZXZlbF8xMCIsImN1c3RvbWVyIl0sIm5vdmFfc3ViIjoiNDY1MzQ3MGQtYjQ4Mi1mZTM5LWUwNTMtYjEyYTFjYWM3M2Y1IiwiZXhwIjoxNzg3NzU4MjM5LCJpYXQiOjE3ODc3NTc4NzksImp0aSI6Ilh5QUNLcmltcDdOaW1sSFFwanlYbzdWM01iNSJ9.ma1tqpdaRoC8_6BEnwH3wVHxjqCSg3_ptbtv8xWP2y5S3LCemcEm-9VNNojYjL59oChCUAbu4FcKg5pT5wBZ-ZRMgSHtAmHAY5PI6QKP3cKoS0h-sHdpIJy6WC8KrAHK
2026-08-26 15:24:42.392    TokenRouter:    eyJraWQiOiI1ZmZkY2YwMSIsInR5cCI6IkpXVCIsImFsZyI6IkVTMzg0In0.eyJzdWIiOiI5OTE0NTIyZi1mMGJmLTRkNzYtYWIyYy0yMjE3MmE1NzA0OTAiLCJ0a2lkIjoiNDY1MzQ3MGQtYjQ4Mi1mZTM5LWUwNTMtYjEyYTFjYWM3M2Y1IiwiaXNzIjoiaHR0cHM6Ly9sb2dpbi5zd2lzc3Bhc3MuY2gvdjMvb2V2LW9hdXRoL3Jlc3Qvb2F1dGgyL2F1dGhvcml6YXRpb24tc2VydmVycy9zd2lzc3Bhc3NfY2giLCJjbGllbnRfaWQiOiJzd2lzc3Bhc3NfY2giLCJyYW5kb20iOiJqMlJSUENaM013MU9NcFdWTjByeXN2WG5TM2JoR0lBeFc0dFBjSUZPIiwibmJmIjoxNzg3NzU3ODc3LCJub3ZhX2NsaWVudF9jb2RlIjoiOTk1IiwiaWFsIjoiSUFMMiIsImF6cCI6InN3aXNzcGFzc19jaCIsIm5vdmFfb3JnX2NvZGUiOiIxMSIsInNjb3BlIjpbIkFDUl9MZXZlbF8xMCIsImN1c3RvbWVyIl0sIm5vdmFfc3ViIjoiNDY1MzQ3MGQtYjQ4Mi1mZTM5LWUwNTMtYjEyYTFjYWM3M2Y1IiwiZXhwIjoxNzg3NzU4MjQyLCJpYXQiOjE3ODc3NTc4ODIsImp0aSI6Ilp2REpGVkl3RGdkaG92TXNZUjVsaE5EUnpRNSJ9.xb-ccrR6nxVkdeijsD-JbXcyoeEgcXdkkAXxycbbLlk-48Ewbvn2o3j4frE5McXI388NnmlFHSNSOMjznbxL9FOXNQ45x8fY3T6uyv1Ws5hT5xIIMdkb_HcSoV6cIbKA
2026-08-26 15:24:45.411    TokenRouter:    eyJraWQiOiI1ZmZkY2YwMSIsInR5cCI6IkpXVCIsImFsZyI6IkVTMzg0In0.eyJzdWIiOiI5OTE0NTIyZi1mMGJmLTRkNzYtYWIyYy0yMjE3MmE1NzA0OTAiLCJ0a2lkIjoiNDY1MzQ3MGQtYjQ4Mi1mZTM5LWUwNTMtYjEyYTFjYWM3M2Y1IiwiaXNzIjoiaHR0cHM6Ly9sb2dpbi5zd2lzc3Bhc3MuY2gvdjMvb2V2LW9hdXRoL3Jlc3Qvb2F1dGgyL2F1dGhvcml6YXRpb24tc2VydmVycy9zd2lzc3Bhc3NfY2giLCJjbGllbnRfaWQiOiJzd2lzc3Bhc3NfY2giLCJyYW5kb20iOiJCR0FRaFh5SEY5VGpJNTFodmt1ZnRiNVc5QldoeWRWSm9xbzlhcGhOIiwibmJmIjoxNzg3NzU3ODgwLCJub3ZhX2NsaWVudF9jb2RlIjoiOTk1IiwiaWFsIjoiSUFMMiIsImF6cCI6InN3aXNzcGFzc19jaCIsIm5vdmFfb3JnX2NvZGUiOiIxMSIsInNjb3BlIjpbIkFDUl9MZXZlbF8xMCIsImN1c3RvbWVyIl0sIm5vdmFfc3ViIjoiNDY1MzQ3MGQtYjQ4Mi1mZTM5LWUwNTMtYjEyYTFjYWM3M2Y1IiwiZXhwIjoxNzg3NzU4MjQ1LCJpYXQiOjE3ODc3NTc4ODUsImp0aSI6ImN1Z3B5Zzd3Wm5hN212U2tnRUlFR1RJUmVGWCJ9.k7d7H_K3_4IkQZPDn0dNtlCuVtUq2zgfXJsbdryiRe_ERAaO__AVgpGlKL8h92D-SHmathq5V1mQjy1gW3oORMYFNrNLIaIJYywVFjqY10bHeDbOFEpvouKkPd-9av7I
2026-08-26 15:24:48.407    TokenRouter:    eyJraWQiOiI1ZmZkY2YwMSIsInR5cCI6IkpXVCIsImFsZyI6IkVTMzg0In0.eyJzdWIiOiI5OTE0NTIyZi1mMGJmLTRkNzYtYWIyYy0yMjE3MmE1NzA0OTAiLCJ0a2lkIjoiNDY1MzQ3MGQtYjQ4Mi1mZTM5LWUwNTMtYjEyYTFjYWM3M2Y1IiwiaXNzIjoiaHR0cHM6Ly9sb2dpbi5zd2lzc3Bhc3MuY2gvdjMvb2V2LW9hdXRoL3Jlc3Qvb2F1dGgyL2F1dGhvcml6YXRpb24tc2VydmVycy9zd2lzc3Bhc3NfY2giLCJjbGllbnRfaWQiOiJzd2lzc3Bhc3NfY2giLCJyYW5kb20iOiJpaER5RWxVdHN4R0V6WThWbGR4WFBETlFSdTd3WklDaFNDRFdINmxFIiwibmJmIjoxNzg3NzU3ODgzLCJub3ZhX2NsaWVudF9jb2RlIjoiOTk1IiwiaWFsIjoiSUFMMiIsImF6cCI6InN3aXNzcGFzc19jaCIsIm5vdmFfb3JnX2NvZGUiOiIxMSIsInNjb3BlIjpbIkFDUl9MZXZlbF8xMCIsImN1c3RvbWVyIl0sIm5vdmFfc3ViIjoiNDY1MzQ3MGQtYjQ4Mi1mZTM5LWUwNTMtYjEyYTFjYWM3M2Y1IiwiZXhwIjoxNzg3NzU4MjQ4LCJpYXQiOjE3ODc3NTc4ODgsImp0aSI6IkhRYXBqMERoSnlScnRaZGZkSW43T0IzTlVmUyJ9.Smib2tXVpZtkAn1V6D4hMcFkKdhBlcJrpOJT5YmozU8I1dhOwRpVvbgJ50V39FR59sgbsRWNhkDjTzJ2Orowk5-g2TMzB1YMh4q7GWOYr8P7_YDEPl4Brn5YCCyj3LLU
2026-08-26 15:24:51.407    TokenRouter:    eyJraWQiOiI1ZmZkY2YwMSIsInR5cCI6IkpXVCIsImFsZyI6IkVTMzg0In0.eyJzdWIiOiI5OTE0NTIyZi1mMGJmLTRkNzYtYWIyYy0yMjE3MmE1NzA0OTAiLCJ0a2lkIjoiNDY1MzQ3MGQtYjQ4Mi1mZTM5LWUwNTMtYjEyYTFjYWM3M2Y1IiwiaXNzIjoiaHR0cHM6Ly9sb2dpbi5zd2lzc3Bhc3MuY2gvdjMvb2V2LW9hdXRoL3Jlc3Qvb2F1dGgyL2F1dGhvcml6YXRpb24tc2VydmVycy9zd2lzc3Bhc3NfY2giLCJjbGllbnRfaWQiOiJzd2lzc3Bhc3NfY2giLCJyYW5kb20iOiIyd0ZrYzVIQXlROHhRc3FjWGNzNlBhbzV5eTZtN2FvUUJNOExWblhsIiwibmJmIjoxNzg3NzU3ODg2LCJub3ZhX2NsaWVudF9jb2RlIjoiOTk1IiwiaWFsIjoiSUFMMiIsImF6cCI6InN3aXNzcGFzc19jaCIsIm5vdmFfb3JnX2NvZGUiOiIxMSIsInNjb3BlIjpbIkFDUl9MZXZlbF8xMCIsImN1c3RvbWVyIl0sIm5vdmFfc3ViIjoiNDY1MzQ3MGQtYjQ4Mi1mZTM5LWUwNTMtYjEyYTFjYWM3M2Y1IiwiZXhwIjoxNzg3NzU4MjUxLCJpYXQiOjE3ODc3NTc4OTEsImp0aSI6ImZZQ1VCUW5Tb3FVcUNpNmJLekp1NXFtNVAweiJ9.h0Ea817EmT0ZNXgZ--uZEVJL9WldXvWb6VbbyUMWkVfQnCVX6MTN2ZanjvZd0zEryzsiASgzUUNN0IqD-pB-egVk1uAbptJoOXiKnsKjhXD_RyH-x6h6Lg8dxki9Zi8m
2026-08-26 15:24:54.395    TokenRouter:    eyJraWQiOiI1ZmZkY2YwMSIsInR5cCI6IkpXVCIsImFsZyI6IkVTMzg0In0.eyJzdWIiOiI5OTE0NTIyZi1mMGJmLTRkNzYtYWIyYy0yMjE3MmE1NzA0OTAiLCJ0a2lkIjoiNDY1MzQ3MGQtYjQ4Mi1mZTM5LWUwNTMtYjEyYTFjYWM3M2Y1IiwiaXNzIjoiaHR0cHM6Ly9sb2dpbi5zd2lzc3Bhc3MuY2gvdjMvb2V2LW9hdXRoL3Jlc3Qvb2F1dGgyL2F1dGhvcml6YXRpb24tc2VydmVycy9zd2lzc3Bhc3NfY2giLCJjbGllbnRfaWQiOiJzd2lzc3Bhc3NfY2giLCJyYW5kb20iOiJaTElpWURmUUlqWWZsdnZ5cFNzS0FmbllNMFg0ejlTaXMyRU94UEtLIiwibmJmIjoxNzg3NzU3ODg5LCJub3ZhX2NsaWVudF9jb2RlIjoiOTk1IiwiaWFsIjoiSUFMMiIsImF6cCI6InN3aXNzcGFzc19jaCIsIm5vdmFfb3JnX2NvZGUiOiIxMSIsInNjb3BlIjpbIkFDUl9MZXZlbF8xMCIsImN1c3RvbWVyIl0sIm5vdmFfc3ViIjoiNDY1MzQ3MGQtYjQ4Mi1mZTM5LWUwNTMtYjEyYTFjYWM3M2Y1IiwiZXhwIjoxNzg3NzU4MjU0LCJpYXQiOjE3ODc3NTc4OTQsImp0aSI6IkJrc2hvNkxzNGtsRlRLMm5BVVExOWJ0TG5lOCJ9.QgviTqSfDkLZjWWDKRykl9yJaaFNdCUaJMJjZ1BfzKTva2pI-_VF7gmsAeaH3Jv6N7KlLh2Xm9n57t4_AefplHUtV71aJB6IpyDNszRMDmabbn0-6Q0P1g7Jh94Vh9hS
2026-08-26 15:30:34.202    InitRouter:     Swisspass alternative started starting
2026-08-26 15:30:34.222    InitRouter:     HTTP server on port 80
2026-08-26 15:30:34.362    TokenRouter:    eyJraWQiOiI1ZmZkY2YwMSIsInR5cCI6IkpXVCIsImFsZyI6IkVTMzg0In0.eyJzdWIiOiI5OTE0NTIyZi1mMGJmLTRkNzYtYWIyYy0yMjE3MmE1NzA0OTAiLCJ0a2lkIjoiNDY1MzQ3MGQtYjQ4Mi1mZTM5LWUwNTMtYjEyYTFjYWM3M2Y1IiwiaXNzIjoiaHR0cHM6Ly9sb2dpbi5zd2lzc3Bhc3MuY2gvdjMvb2V2LW9hdXRoL3Jlc3Qvb2F1dGgyL2F1dGhvcml6YXRpb24tc2VydmVycy9zd2lzc3Bhc3NfY2giLCJjbGllbnRfaWQiOiJzd2lzc3Bhc3NfY2giLCJyYW5kb20iOiI2SWpZMjMwdEhkV1FBeEpXaFh0eUl0RFpPQ3NCNlNMYTgzZzM0S0t5IiwibmJmIjoxNzg3NzU4MjI5LCJub3ZhX2NsaWVudF9jb2RlIjoiOTk1IiwiaWFsIjoiSUFMMiIsImF6cCI6InN3aXNzcGFzc19jaCIsIm5vdmFfb3JnX2NvZGUiOiIxMSIsInNjb3BlIjpbIkFDUl9MZXZlbF8yMCIsImN1c3RvbWVyIl0sIm5vdmFfc3ViIjoiNDY1MzQ3MGQtYjQ4Mi1mZTM5LWUwNTMtYjEyYTFjYWM3M2Y1IiwiZXhwIjoxNzg3NzU4NTk0LCJpYXQiOjE3ODc3NTgyMzQsImp0aSI6InBjYWU1bGNhc1A2UG5ITnZ0UWNnRHhPMFNSYyJ9.kLdrMVa3wGfRMGTlG1xBov4kRjlPdtmbdz73Q6Y54reOwf6r8nuPqaIRTNL_eOKl9VvJ8v8TdTlUj55xtgUuEO3zHukVK1t-HCjQ5paEp67AF0FIBpZgOyN7vRdzg-Uu
2026-08-26 15:30:44.339    TokenRouter:    eyJraWQiOiI1ZmZkY2YwMSIsInR5cCI6IkpXVCIsImFsZyI6IkVTMzg0In0.eyJzdWIiOiI5OTE0NTIyZi1mMGJmLTRkNzYtYWIyYy0yMjE3MmE1NzA0OTAiLCJ0a2lkIjoiNDY1MzQ3MGQtYjQ4Mi1mZTM5LWUwNTMtYjEyYTFjYWM3M2Y1IiwiaXNzIjoiaHR0cHM6Ly9sb2dpbi5zd2lzc3Bhc3MuY2gvdjMvb2V2LW9hdXRoL3Jlc3Qvb2F1dGgyL2F1dGhvcml6YXRpb24tc2VydmVycy9zd2lzc3Bhc3NfY2giLCJjbGllbnRfaWQiOiJzd2lzc3Bhc3NfY2giLCJyYW5kb20iOiI0TGY0c1c2N0ROaHA4b0FNOEF0VUFXRHhHYnMyUUhRZzVMcUNYMklLIiwibmJmIjoxNzg3NzU4MjM5LCJub3ZhX2NsaWVudF9jb2RlIjoiOTk1IiwiaWFsIjoiSUFMMiIsImF6cCI6InN3aXNzcGFzc19jaCIsIm5vdmFfb3JnX2NvZGUiOiIxMSIsInNjb3BlIjpbIkFDUl9MZXZlbF8yMCIsImN1c3RvbWVyIl0sIm5vdmFfc3ViIjoiNDY1MzQ3MGQtYjQ4Mi1mZTM5LWUwNTMtYjEyYTFjYWM3M2Y1IiwiZXhwIjoxNzg3NzU4NjA0LCJpYXQiOjE3ODc3NTgyNDQsImp0aSI6InF6cDF0QmN4ZWlCdFVOTmRJaU5hdVlucDVhVSJ9.JObB6d1P3nEBB6aaEe43jyvUMY8JJsqCjFw7RFboN-Ro9x5cfvrjW9eyglAf3Rlf2YdwZ-sDomU3IQnlMpIpFHqqJemzkffBmPbv2aCVIPfSeP01FzpPSaMv432ZJ0WR
2026-08-26 15:30:54.366    TokenRouter:    eyJraWQiOiI1ZmZkY2YwMSIsInR5cCI6IkpXVCIsImFsZyI6IkVTMzg0In0.eyJzdWIiOiI5OTE0NTIyZi1mMGJmLTRkNzYtYWIyYy0yMjE3MmE1NzA0OTAiLCJ0a2lkIjoiNDY1MzQ3MGQtYjQ4Mi1mZTM5LWUwNTMtYjEyYTFjYWM3M2Y1IiwiaXNzIjoiaHR0cHM6Ly9sb2dpbi5zd2lzc3Bhc3MuY2gvdjMvb2V2LW9hdXRoL3Jlc3Qvb2F1dGgyL2F1dGhvcml6YXRpb24tc2VydmVycy9zd2lzc3Bhc3NfY2giLCJjbGllbnRfaWQiOiJzd2lzc3Bhc3NfY2giLCJyYW5kb20iOiJjVlFSOGtvTk5UVzVlNFdXY1E3QjBjMGRRcVRuY0p2anNxNDRXcGl5IiwibmJmIjoxNzg3NzU4MjQ5LCJub3ZhX2NsaWVudF9jb2RlIjoiOTk1IiwiaWFsIjoiSUFMMiIsImF6cCI6InN3aXNzcGFzc19jaCIsIm5vdmFfb3JnX2NvZGUiOiIxMSIsInNjb3BlIjpbIkFDUl9MZXZlbF8yMCIsImN1c3RvbWVyIl0sIm5vdmFfc3ViIjoiNDY1MzQ3MGQtYjQ4Mi1mZTM5LWUwNTMtYjEyYTFjYWM3M2Y1IiwiZXhwIjoxNzg3NzU4NjE0LCJpYXQiOjE3ODc3NTgyNTQsImp0aSI6IjM3WkxhU1hVSTlQekRxUmhFTXdyRnM0UVlweiJ9.i_JGsEkUdNpdUKxg6mDtrK0SSDXWoZwI9rCDEGv50iwgd4n25SP-sXaF-whtGyQ5mVQLMKax1QN5dGPn1rvGrltFkWlRYVtERX6Y6ekHCN-Alplb4je7iLY4yrJjm4Nf
2026-08-26 15:34:02.607    InitRouter:     Swisspass alternative started starting
2026-08-26 15:34:02.625    InitRouter:     HTTP server on port 80
2026-08-26 15:34:02.766    TokenRouter:    eyJraWQiOiI1ZmZkY2YwMSIsInR5cCI6IkpXVCIsImFsZyI6IkVTMzg0In0.eyJzdWIiOiI5OTE0NTIyZi1mMGJmLTRkNzYtYWIyYy0yMjE3MmE1NzA0OTAiLCJ0a2lkIjoiNDY1MzQ3MGQtYjQ4Mi1mZTM5LWUwNTMtYjEyYTFjYWM3M2Y1IiwiaXNzIjoiaHR0cHM6Ly9sb2dpbi5zd2lzc3Bhc3MuY2gvdjMvb2V2LW9hdXRoL3Jlc3Qvb2F1dGgyL2F1dGhvcml6YXRpb24tc2VydmVycy9zd2lzc3Bhc3NfY2giLCJjbGllbnRfaWQiOiJzd2lzc3Bhc3NfY2giLCJyYW5kb20iOiJqekhwd2REd3JYazg5Q3Q2T2cxRzRPN201Z00zQUIxbGNlOFBja3pXIiwibmJmIjoxNzg3NzU4NDM3LCJub3ZhX2NsaWVudF9jb2RlIjoiOTk1IiwiaWFsIjoiSUFMMiIsImF6cCI6InN3aXNzcGFzc19jaCIsIm5vdmFfb3JnX2NvZGUiOiIxMSIsInNjb3BlIjpbIkFDUl9MZXZlbF8yMCIsImN1c3RvbWVyIl0sIm5vdmFfc3ViIjoiNDY1MzQ3MGQtYjQ4Mi1mZTM5LWUwNTMtYjEyYTFjYWM3M2Y1IiwiZXhwIjoxNzg3NzU4ODAyLCJpYXQiOjE3ODc3NTg0NDIsImp0aSI6Im5Tamd1a1NwTTE2bVRnSEZqVWVFNGpnbjBydCJ9.Qo5I9hq4oufCz4SHNO08bp7xkQ8lxdOllmZ45ZbzL-pIHCKMS-PqWdzTTHMfcFzyEwVA05bxjg9WcXY--gMW3hnbyZmmZ-0gutLhK1kJjQ0ap0irBoiXsTyBT9zKn1W_
2026-08-26 15:35:02.830    TokenRouter:    eyJraWQiOiI1ZmZkY2YwMSIsInR5cCI6IkpXVCIsImFsZyI6IkVTMzg0In0.eyJzdWIiOiI5OTE0NTIyZi1mMGJmLTRkNzYtYWIyYy0yMjE3MmE1NzA0OTAiLCJ0a2lkIjoiNDY1MzQ3MGQtYjQ4Mi1mZTM5LWUwNTMtYjEyYTFjYWM3M2Y1IiwiaXNzIjoiaHR0cHM6Ly9sb2dpbi5zd2lzc3Bhc3MuY2gvdjMvb2V2LW9hdXRoL3Jlc3Qvb2F1dGgyL2F1dGhvcml6YXRpb24tc2VydmVycy9zd2lzc3Bhc3NfY2giLCJjbGllbnRfaWQiOiJzd2lzc3Bhc3NfY2giLCJyYW5kb20iOiJDNTFuWDluT1lYb0xGZ2F2clRZVjBqVVd1ek94Wlp1OWlFRHVmcFNwIiwibmJmIjoxNzg3NzU4NDk3LCJub3ZhX2NsaWVudF9jb2RlIjoiOTk1IiwiaWFsIjoiSUFMMiIsImF6cCI6InN3aXNzcGFzc19jaCIsIm5vdmFfb3JnX2NvZGUiOiIxMSIsInNjb3BlIjpbIkFDUl9MZXZlbF8yMCIsImN1c3RvbWVyIl0sIm5vdmFfc3ViIjoiNDY1MzQ3MGQtYjQ4Mi1mZTM5LWUwNTMtYjEyYTFjYWM3M2Y1IiwiZXhwIjoxNzg3NzU4ODYyLCJpYXQiOjE3ODc3NTg1MDIsImp0aSI6IjBQSE91WWV4RU5DSUN5TjFCNElCMXZCTEFBTyJ9.ENErgujk2-CWnYjQyzHJDJB2EChwafX7Mu4b11vUOkuZARnikMa5RH18ZJYcwsIAfogRopTKhamwVhrsMrbpQyX8-3E1GHfq-a3FJXqwNds-V2d84JeuS31A-LZAmPAb
2026-08-26 15:38:19.825    InitRouter:     Swisspass alternative started starting
2026-08-26 15:38:19.842    InitRouter:     HTTP server on port 80
2026-08-26 15:38:42.834    InitRouter:     Swisspass alternative started starting
2026-08-26 15:38:42.852    InitRouter:     HTTP server on port 80
2026-08-26 15:39:15.057    InitRouter:     Swisspass alternative started starting
2026-08-26 15:39:15.074    InitRouter:     HTTP server on port 80
2026-08-26 15:39:48.970    InitRouter:     Swisspass alternative started starting
2026-08-26 15:39:48.988    InitRouter:     HTTP server on port 80
2026-08-26 15:40:30.907    InitRouter:     Swisspass alternative started starting
2026-08-26 15:40:30.924    InitRouter:     HTTP server on port 80
2026-08-26 15:40:46.570    InitRouter:     Swisspass alternative started starting
2026-08-26 15:40:46.587    InitRouter:     HTTP server on port 80
2026-08-26 15:42:21.243    InitRouter:     Swisspass alternative started starting
2026-08-26 15:42:21.261    InitRouter:     HTTP server on port 80
2026-08-26 15:44:11.542    InitRouter:     Swisspass alternative started starting
2026-08-26 15:44:11.559    InitRouter:     HTTP server on port 80
2026-08-26 15:44:11.705    TokenRouter:    eyJraWQiOiI1ZmZkY2YwMSIsInR5cCI6IkpXVCIsImFsZyI6IkVTMzg0In0.eyJzdWIiOiI5OTE0NTIyZi1mMGJmLTRkNzYtYWIyYy0yMjE3MmE1NzA0OTAiLCJ0a2lkIjoiNDY1MzQ3MGQtYjQ4Mi1mZTM5LWUwNTMtYjEyYTFjYWM3M2Y1IiwiaXNzIjoiaHR0cHM6Ly9sb2dpbi5zd2lzc3Bhc3MuY2gvdjMvb2V2LW9hdXRoL3Jlc3Qvb2F1dGgyL2F1dGhvcml6YXRpb24tc2VydmVycy9zd2lzc3Bhc3NfY2giLCJjbGllbnRfaWQiOiJzd2lzc3Bhc3NfY2giLCJyYW5kb20iOiJkU05RUk5vTXlGaFEwZzBwYmxwV1FJSDRHRk02UkZka2ZYMEc5Rk1mIiwibmJmIjoxNzg3NzU5MDQ2LCJub3ZhX2NsaWVudF9jb2RlIjoiOTk1IiwiaWFsIjoiSUFMMiIsImF6cCI6InN3aXNzcGFzc19jaCIsIm5vdmFfb3JnX2NvZGUiOiIxMSIsInNjb3BlIjpbIkFDUl9MZXZlbF8yMCIsImN1c3RvbWVyIl0sIm5vdmFfc3ViIjoiNDY1MzQ3MGQtYjQ4Mi1mZTM5LWUwNTMtYjEyYTFjYWM3M2Y1IiwiZXhwIjoxNzg3NzU5NDExLCJpYXQiOjE3ODc3NTkwNTEsImp0aSI6Ino1Wnc0OHNXd3hDT3BoMWc2YmdPSFZEVlVxYiJ9.CFysnj0RWR_bv1c1b-KYK49zJOgTP61QWPc1eSeGvyevD8Wr2Mabn_EISDTYN5VBtwPtp7zzv33COzCN6cBQwCzxefEF7cPKSSTf1gCjdbpGd6XFb2B5pisDcGtJXGtc
2026-08-26 15:45:11.713    TokenRouter:    eyJraWQiOiI1ZmZkY2YwMSIsInR5cCI6IkpXVCIsImFsZyI6IkVTMzg0In0.eyJzdWIiOiI5OTE0NTIyZi1mMGJmLTRkNzYtYWIyYy0yMjE3MmE1NzA0OTAiLCJ0a2lkIjoiNDY1MzQ3MGQtYjQ4Mi1mZTM5LWUwNTMtYjEyYTFjYWM3M2Y1IiwiaXNzIjoiaHR0cHM6Ly9sb2dpbi5zd2lzc3Bhc3MuY2gvdjMvb2V2LW9hdXRoL3Jlc3Qvb2F1dGgyL2F1dGhvcml6YXRpb24tc2VydmVycy9zd2lzc3Bhc3NfY2giLCJjbGllbnRfaWQiOiJzd2lzc3Bhc3NfY2giLCJyYW5kb20iOiJHaVBKUUlTZWFDWEI0aWJEOFBmVVhrSFNJVjlSMWx3N3JNcXU0dEFnIiwibmJmIjoxNzg3NzU5MTA2LCJub3ZhX2NsaWVudF9jb2RlIjoiOTk1IiwiaWFsIjoiSUFMMiIsImF6cCI6InN3aXNzcGFzc19jaCIsIm5vdmFfb3JnX2NvZGUiOiIxMSIsInNjb3BlIjpbIkFDUl9MZXZlbF8yMCIsImN1c3RvbWVyIl0sIm5vdmFfc3ViIjoiNDY1MzQ3MGQtYjQ4Mi1mZTM5LWUwNTMtYjEyYTFjYWM3M2Y1IiwiZXhwIjoxNzg3NzU5NDcxLCJpYXQiOjE3ODc3NTkxMTEsImp0aSI6ImNIeXNHa1R4RXh4TlVDQ0VkN3loTWJTZ0w0QiJ9.2DE0_xptsYdHK2bKXUyByVMsbtvhAivN9LRP9c84UUTCgOK1jPDKyKVhA91rJdL5q--7_6IBRYKG0UOxPR5PXZG-4xJs_4Jvl9kqK5CNN30B1BGxtcgjJ447lxU8Efi2
2026-08-26 15:46:11.751    TokenRouter:    eyJraWQiOiI1ZmZkY2YwMSIsInR5cCI6IkpXVCIsImFsZyI6IkVTMzg0In0.eyJzdWIiOiI5OTE0NTIyZi1mMGJmLTRkNzYtYWIyYy0yMjE3MmE1NzA0OTAiLCJ0a2lkIjoiNDY1MzQ3MGQtYjQ4Mi1mZTM5LWUwNTMtYjEyYTFjYWM3M2Y1IiwiaXNzIjoiaHR0cHM6Ly9sb2dpbi5zd2lzc3Bhc3MuY2gvdjMvb2V2LW9hdXRoL3Jlc3Qvb2F1dGgyL2F1dGhvcml6YXRpb24tc2VydmVycy9zd2lzc3Bhc3NfY2giLCJjbGllbnRfaWQiOiJzd2lzc3Bhc3NfY2giLCJyYW5kb20iOiIxUzRDdDN2bWNPRjRBakIxc0dWVHlaek1LNGg3Y3hHZTQ1aFdXcUs0IiwibmJmIjoxNzg3NzU5MTY2LCJub3ZhX2NsaWVudF9jb2RlIjoiOTk1IiwiaWFsIjoiSUFMMiIsImF6cCI6InN3aXNzcGFzc19jaCIsIm5vdmFfb3JnX2NvZGUiOiIxMSIsInNjb3BlIjpbIkFDUl9MZXZlbF8yMCIsImN1c3RvbWVyIl0sIm5vdmFfc3ViIjoiNDY1MzQ3MGQtYjQ4Mi1mZTM5LWUwNTMtYjEyYTFjYWM3M2Y1IiwiZXhwIjoxNzg3NzU5NTMxLCJpYXQiOjE3ODc3NTkxNzEsImp0aSI6InJrMVE0YmpWTGZjTXBnRjlYaVhXUmlGdkt4TyJ9.WzlHJE9Wbhg456Nrk9jS8uQ99Rue7y2tXKl_FKRPeGy6FwqdbBJZg9rRNagR21fiKjTwiPaGV4DQVveUGBJdrsqMydCifqANb0vLq47TPpSoIZmc717xzAKkeY05QGGu
2026-08-26 15:47:11.921    TokenRouter:    eyJraWQiOiI1ZmZkY2YwMSIsInR5cCI6IkpXVCIsImFsZyI6IkVTMzg0In0.eyJzdWIiOiI5OTE0NTIyZi1mMGJmLTRkNzYtYWIyYy0yMjE3MmE1NzA0OTAiLCJ0a2lkIjoiNDY1MzQ3MGQtYjQ4Mi1mZTM5LWUwNTMtYjEyYTFjYWM3M2Y1IiwiaXNzIjoiaHR0cHM6Ly9sb2dpbi5zd2lzc3Bhc3MuY2gvdjMvb2V2LW9hdXRoL3Jlc3Qvb2F1dGgyL2F1dGhvcml6YXRpb24tc2VydmVycy9zd2lzc3Bhc3NfY2giLCJjbGllbnRfaWQiOiJzd2lzc3Bhc3NfY2giLCJyYW5kb20iOiIzaG1CcmR2N1Q3RTJJRWpTUjQ4bThaN2VFSjRRNUhoY0M4UEwzSnRDIiwibmJmIjoxNzg3NzU5MjI2LCJub3ZhX2NsaWVudF9jb2RlIjoiOTk1IiwiaWFsIjoiSUFMMiIsImF6cCI6InN3aXNzcGFzc19jaCIsIm5vdmFfb3JnX2NvZGUiOiIxMSIsInNjb3BlIjpbIkFDUl9MZXZlbF8yMCIsImN1c3RvbWVyIl0sIm5vdmFfc3ViIjoiNDY1MzQ3MGQtYjQ4Mi1mZTM5LWUwNTMtYjEyYTFjYWM3M2Y1IiwiZXhwIjoxNzg3NzU5NTkxLCJpYXQiOjE3ODc3NTkyMzEsImp0aSI6Ik1PODFnREVnaTdWb3dRZXNXTnRyTXd6Sm5FSCJ9.c9oGmU2RlFlC2BMR0OEz1reQwRLx_rWESxDFrGltvNa541RYd9x5MAahuJjaN-4SlwTc5quOIoeFjsXpWyrKWydSbf5ptrNaQOJbFna7l-6cmGFQWzVUb8I6SmZ-zyzp
2026-08-26 15:48:11.796    TokenRouter:    eyJraWQiOiI1ZmZkY2YwMSIsInR5cCI6IkpXVCIsImFsZyI6IkVTMzg0In0.eyJzdWIiOiI5OTE0NTIyZi1mMGJmLTRkNzYtYWIyYy0yMjE3MmE1NzA0OTAiLCJ0a2lkIjoiNDY1MzQ3MGQtYjQ4Mi1mZTM5LWUwNTMtYjEyYTFjYWM3M2Y1IiwiaXNzIjoiaHR0cHM6Ly9sb2dpbi5zd2lzc3Bhc3MuY2gvdjMvb2V2LW9hdXRoL3Jlc3Qvb2F1dGgyL2F1dGhvcml6YXRpb24tc2VydmVycy9zd2lzc3Bhc3NfY2giLCJjbGllbnRfaWQiOiJzd2lzc3Bhc3NfY2giLCJyYW5kb20iOiJGQlZrWjBmQ2Uwd3M0Y2tQSGdzdkNLOWxnck0xRjNlaGRiTzZtUDVrIiwibmJmIjoxNzg3NzU5Mjg2LCJub3ZhX2NsaWVudF9jb2RlIjoiOTk1IiwiaWFsIjoiSUFMMiIsImF6cCI6InN3aXNzcGFzc19jaCIsIm5vdmFfb3JnX2NvZGUiOiIxMSIsInNjb3BlIjpbIkFDUl9MZXZlbF8yMCIsImN1c3RvbWVyIl0sIm5vdmFfc3ViIjoiNDY1MzQ3MGQtYjQ4Mi1mZTM5LWUwNTMtYjEyYTFjYWM3M2Y1IiwiZXhwIjoxNzg3NzU5NjUxLCJpYXQiOjE3ODc3NTkyOTEsImp0aSI6IjJzSWZFMVZoVmNUUE9iSklNOElOckx2VHVKZCJ9.u7K2t68Wz7d10kRQZyfTblyiLK9m_-9ZCMZhd7EwIM3hY93a4ki08zZlrYbZWLl0ULb2W3TmdjWOl7k0kTIeeWV5wmnlochz7Atrhqr4cp4vh4fTWRJN8ot_Qs1wyIuC
2026-08-26 15:57:34.534    InitRouter:     Swisspass alternative started starting
2026-08-26 15:57:34.550    InitRouter:     HTTP server on port 80
2026-08-26 15:58:06.843    InitRouter:     Swisspass alternative started starting
2026-08-26 15:58:06.859    InitRouter:     HTTP server on port 80
2026-08-26 15:58:28.912    InitRouter:     Swisspass alternative started starting
2026-08-26 15:58:28.928    InitRouter:     HTTP server on port 80
2026-08-26 15:59:07.143    InitRouter:     Swisspass alternative started starting
2026-08-26 15:59:07.161    InitRouter:     HTTP server on port 80
2026-08-26 15:59:07.318    TokenRouter:    eyJraWQiOiI1ZmZkY2YwMSIsInR5cCI6IkpXVCIsImFsZyI6IkVTMzg0In0.eyJzdWIiOiI5OTE0NTIyZi1mMGJmLTRkNzYtYWIyYy0yMjE3MmE1NzA0OTAiLCJ0a2lkIjoiNDY1MzQ3MGQtYjQ4Mi1mZTM5LWUwNTMtYjEyYTFjYWM3M2Y1IiwiaXNzIjoiaHR0cHM6Ly9sb2dpbi5zd2lzc3Bhc3MuY2gvdjMvb2V2LW9hdXRoL3Jlc3Qvb2F1dGgyL2F1dGhvcml6YXRpb24tc2VydmVycy9zd2lzc3Bhc3NfY2giLCJjbGllbnRfaWQiOiJzd2lzc3Bhc3NfY2giLCJyYW5kb20iOiJiUDE0YXBVSzJxTG44Z2hTc3BtYzRKeXVYZHRwbzNxSFh0cUJHUWJLIiwibmJmIjoxNzg3NzU5OTQyLCJub3ZhX2NsaWVudF9jb2RlIjoiOTk1IiwiaWFsIjoiSUFMMiIsImF6cCI6InN3aXNzcGFzc19jaCIsIm5vdmFfb3JnX2NvZGUiOiIxMSIsInNjb3BlIjpbIkFDUl9MZXZlbF8yMCIsImN1c3RvbWVyIl0sIm5vdmFfc3ViIjoiNDY1MzQ3MGQtYjQ4Mi1mZTM5LWUwNTMtYjEyYTFjYWM3M2Y1IiwiZXhwIjoxNzg3NzYwMzA3LCJpYXQiOjE3ODc3NTk5NDcsImp0aSI6IkNOVFVHMVhHUzg0ZzluOERpZjN6MFBaQzBMdSJ9._zjPmCZ3WHMUqYwozEGz3qu4CadtVS8yujAK1K95lXadluSfwGBI6jdNlPimv93b9DirqODdfgJKuIuJwk6jK2Iz3NboyakT67Td8y6BAZFAXQ447S4fjMn22T4nEObh
2026-08-26 16:01:09.474    InitRouter:     Swisspass alternative started starting
2026-08-26 16:01:09.491    InitRouter:     [object Promise]
2026-08-26 16:01:09.492    InitRouter:     HTTP server on port 80
2026-08-26 16:02:13.990    InitRouter:     Swisspass alternative started starting
2026-08-26 16:02:14.009    InitRouter:     [object Promise]
2026-08-26 16:02:14.010    InitRouter:     HTTP server on port 80
2026-08-26 16:02:30.245    InitRouter:     Swisspass alternative started starting
2026-08-26 16:02:30.262    InitRouter:     [object Promise]
2026-08-26 16:02:30.263    InitRouter:     HTTP server on port 80
2026-08-26 16:04:03.889    InitRouter:     Swisspass alternative started starting
2026-08-26 16:04:03.906    InitRouter:     [object Promise]
2026-08-26 16:04:03.907    InitRouter:     HTTP server on port 80
2026-08-26 16:04:23.672    InitRouter:     Swisspass alternative started starting
2026-08-26 16:04:23.691    InitRouter:     [object Promise]
2026-08-26 16:04:23.691    InitRouter:     HTTP server on port 80
2026-08-26 16:04:39.254    InitRouter:     Swisspass alternative started starting
2026-08-26 16:04:39.274    InitRouter:     [object Promise]
2026-08-26 16:04:39.274    InitRouter:     HTTP server on port 80
2026-08-26 16:04:39.422    TokenRouter:    eyJraWQiOiI1ZmZkY2YwMSIsInR5cCI6IkpXVCIsImFsZyI6IkVTMzg0In0.eyJzdWIiOiI5OTE0NTIyZi1mMGJmLTRkNzYtYWIyYy0yMjE3MmE1NzA0OTAiLCJ0a2lkIjoiNDY1MzQ3MGQtYjQ4Mi1mZTM5LWUwNTMtYjEyYTFjYWM3M2Y1IiwiaXNzIjoiaHR0cHM6Ly9sb2dpbi5zd2lzc3Bhc3MuY2gvdjMvb2V2LW9hdXRoL3Jlc3Qvb2F1dGgyL2F1dGhvcml6YXRpb24tc2VydmVycy9zd2lzc3Bhc3NfY2giLCJjbGllbnRfaWQiOiJzd2lzc3Bhc3NfY2giLCJyYW5kb20iOiJPb2xXRGVOVGlFZDdBNkdqWExXZEM5Y0NhMlRkVHBGam9XbVlQYjB1IiwibmJmIjoxNzg3NzYwMjc0LCJub3ZhX2NsaWVudF9jb2RlIjoiOTk1IiwiaWFsIjoiSUFMMiIsImF6cCI6InN3aXNzcGFzc19jaCIsIm5vdmFfb3JnX2NvZGUiOiIxMSIsInNjb3BlIjpbIkFDUl9MZXZlbF8yMCIsImN1c3RvbWVyIl0sIm5vdmFfc3ViIjoiNDY1MzQ3MGQtYjQ4Mi1mZTM5LWUwNTMtYjEyYTFjYWM3M2Y1IiwiZXhwIjoxNzg3NzYwNjM5LCJpYXQiOjE3ODc3NjAyNzksImp0aSI6IkljWU5JbnNqV2o5SWM0SjVPYXpWMkpZUzJ6eCJ9.YtrDJZSHAsRokcTBNKGqLpwIwvQuLOcKrersR85ODVVfFLgnFyUnvGEwOV7_XVdSDNYzN8nrGnVmnFITpuTzywcsUiTxLU-LtgwI5jsE9ScsKyjccF7MXMiwUXgKm_BP
2026-08-26 16:04:50.346    InitRouter:     Swisspass alternative started starting
2026-08-26 16:04:50.364    InitRouter:     [object Promise]
2026-08-26 16:04:50.364    InitRouter:     HTTP server on port 80
2026-08-26 16:07:27.756    InitRouter:     Swisspass alternative started starting
2026-08-26 16:07:27.774    InitRouter:     [object Promise]
2026-08-26 16:07:27.774    InitRouter:     HTTP server on port 80
2026-08-26 16:09:12.734    InitRouter:     Swisspass alternative started starting
2026-08-26 16:09:12.738    InitRouter:     [object Promise]
2026-08-26 16:09:12.751    InitRouter:     HTTP server on port 80
2026-08-26 16:09:23.420    InitRouter:     Swisspass alternative started starting
2026-08-26 16:09:23.438    InitRouter:     [object Promise]
2026-08-26 16:09:23.438    InitRouter:     HTTP server on port 80
2026-08-26 16:09:45.228    InitRouter:     Swisspass alternative started starting
2026-08-26 16:09:45.245    InitRouter:     [object Promise]
2026-08-26 16:09:45.246    InitRouter:     HTTP server on port 80
2026-08-26 16:12:25.479    InitRouter:     Swisspass alternative started starting
2026-08-26 16:12:25.483    InitRouter:     [object Promise]
2026-08-26 16:12:25.497    InitRouter:     HTTP server on port 80
2026-08-26 16:14:11.951    InitRouter:     Swisspass alternative started starting
2026-08-26 16:14:11.955    InitRouter:     [object Promise]
2026-08-26 16:14:11.968    InitRouter:     HTTP server on port 80
2026-08-26 16:14:29.282    InitRouter:     Swisspass alternative started starting
2026-08-26 16:14:29.287    InitRouter:     [object Promise]
2026-08-26 16:14:29.301    InitRouter:     HTTP server on port 80
2026-08-26 16:16:11.915    InitRouter:     Swisspass alternative started starting
2026-08-26 16:16:11.934    InitRouter:     HTTP server on port 80
2026-08-26 16:16:22.935    InitRouter:     Swisspass alternative started starting
2026-08-26 16:16:22.954    InitRouter:     HTTP server on port 80
2026-08-26 16:19:08.875    InitRouter:     Swisspass alternative started starting
2026-08-26 16:19:08.893    InitRouter:     HTTP server on port 80
2026-08-26 16:19:30.988    InitRouter:     Swisspass alternative started starting
2026-08-26 16:19:31.006    InitRouter:     HTTP server on port 80
2026-08-26 16:36:22.596    InitRouter:     Swisspass alternative started starting
2026-08-26 16:36:26.664    InitRouter:     Swisspass alternative started starting
2026-08-26 16:36:26.681    InitRouter:     HTTP server on port 3000
2026-08-26 16:36:26.898    TokenRouter:    eyJraWQiOiI1ZmZkY2YwMSIsInR5cCI6IkpXVCIsImFsZyI6IkVTMzg0In0.eyJzdWIiOiI5OTE0NTIyZi1mMGJmLTRkNzYtYWIyYy0yMjE3MmE1NzA0OTAiLCJ0a2lkIjoiNDY1MzQ3MGQtYjQ4Mi1mZTM5LWUwNTMtYjEyYTFjYWM3M2Y1IiwiaXNzIjoiaHR0cHM6Ly9sb2dpbi5zd2lzc3Bhc3MuY2gvdjMvb2V2LW9hdXRoL3Jlc3Qvb2F1dGgyL2F1dGhvcml6YXRpb24tc2VydmVycy9zd2lzc3Bhc3NfY2giLCJjbGllbnRfaWQiOiJzd2lzc3Bhc3NfY2giLCJyYW5kb20iOiIyY2cxZm5BVlR4THNKY0NFU2xRQ2FCQnRiYkZNREpxNUgwdndBWGxhIiwibmJmIjoxNzg3NzYyMTgxLCJub3ZhX2NsaWVudF9jb2RlIjoiOTk1IiwiaWFsIjoiSUFMMiIsImF6cCI6InN3aXNzcGFzc19jaCIsIm5vdmFfb3JnX2NvZGUiOiIxMSIsInNjb3BlIjpbIkFDUl9MZXZlbF8yMCIsImN1c3RvbWVyIl0sIm5vdmFfc3ViIjoiNDY1MzQ3MGQtYjQ4Mi1mZTM5LWUwNTMtYjEyYTFjYWM3M2Y1IiwiZXhwIjoxNzg3NzYyNTQ2LCJpYXQiOjE3ODc3NjIxODYsImp0aSI6IkJ4N2xzZkVzT2NuSWZYS3doYjBNeDhDYjFtYiJ9.8g3Bti0QGi6U8faKADOMRPpsJEjIkugMOGGY7MCzjT3od-2dW8lJ9M3wEmxSIlCF_SIxPWHQANTxJeapnOXJa4ti-EwAgbWktJlujGl8u65QGc-EzDgfHu1D9bo8OpEB
2026-08-26 16:36:31.432    InitRouter:     Swisspass alternative started starting
2026-08-26 16:36:31.450    InitRouter:     HTTP server on port 3000
2026-08-26 16:36:31.747    TokenRouter:    eyJraWQiOiI1ZmZkY2YwMSIsInR5cCI6IkpXVCIsImFsZyI6IkVTMzg0In0.eyJzdWIiOiI5OTE0NTIyZi1mMGJmLTRkNzYtYWIyYy0yMjE3MmE1NzA0OTAiLCJ0a2lkIjoiNDY1MzQ3MGQtYjQ4Mi1mZTM5LWUwNTMtYjEyYTFjYWM3M2Y1IiwiaXNzIjoiaHR0cHM6Ly9sb2dpbi5zd2lzc3Bhc3MuY2gvdjMvb2V2LW9hdXRoL3Jlc3Qvb2F1dGgyL2F1dGhvcml6YXRpb24tc2VydmVycy9zd2lzc3Bhc3NfY2giLCJjbGllbnRfaWQiOiJzd2lzc3Bhc3NfY2giLCJyYW5kb20iOiI2SWV0enhzbU1raHhqRGJ5YXpPeFIyUVFRektEZkFnRnZZWFZoR2h5IiwibmJmIjoxNzg3NzYyMTg2LCJub3ZhX2NsaWVudF9jb2RlIjoiOTk1IiwiaWFsIjoiSUFMMiIsImF6cCI6InN3aXNzcGFzc19jaCIsIm5vdmFfb3JnX2NvZGUiOiIxMSIsInNjb3BlIjpbIkFDUl9MZXZlbF8yMCIsImN1c3RvbWVyIl0sIm5vdmFfc3ViIjoiNDY1MzQ3MGQtYjQ4Mi1mZTM5LWUwNTMtYjEyYTFjYWM3M2Y1IiwiZXhwIjoxNzg3NzYyNTUxLCJpYXQiOjE3ODc3NjIxOTEsImp0aSI6IkZBOFc1YlhFbFpxdUpPeWNiMmxnZXZaYzFDciJ9.lvvtVDqHw6L8inOFL_PhurZoiQEpy9QKI3aiHFFdLmtzkc_W4k2sBF64NOGk882Bv1f14tKN_uso8z3C5yCguCGivev1Shfj9Kg8Fx9WUjpmKynsAOFRTBf-p5DSeTke
2026-08-26 16:37:06.968    InitRouter:     Swisspass alternative started starting
2026-08-26 16:37:21.583    InitRouter:     Swisspass alternative started starting
2026-08-26 16:37:21.602    InitRouter:     HTTP server on port 80
2026-08-26 16:37:21.753    TokenRouter:    eyJraWQiOiI1ZmZkY2YwMSIsInR5cCI6IkpXVCIsImFsZyI6IkVTMzg0In0.eyJzdWIiOiI5OTE0NTIyZi1mMGJmLTRkNzYtYWIyYy0yMjE3MmE1NzA0OTAiLCJ0a2lkIjoiNDY1MzQ3MGQtYjQ4Mi1mZTM5LWUwNTMtYjEyYTFjYWM3M2Y1IiwiaXNzIjoiaHR0cHM6Ly9sb2dpbi5zd2lzc3Bhc3MuY2gvdjMvb2V2LW9hdXRoL3Jlc3Qvb2F1dGgyL2F1dGhvcml6YXRpb24tc2VydmVycy9zd2lzc3Bhc3NfY2giLCJjbGllbnRfaWQiOiJzd2lzc3Bhc3NfY2giLCJyYW5kb20iOiJkWkdtVDkyQm1UUXlkMkFNbTU0TVdKSFh0TndzQlNqck43WUhxN3dyIiwibmJmIjoxNzg3NzYyMjM2LCJub3ZhX2NsaWVudF9jb2RlIjoiOTk1IiwiaWFsIjoiSUFMMiIsImF6cCI6InN3aXNzcGFzc19jaCIsIm5vdmFfb3JnX2NvZGUiOiIxMSIsInNjb3BlIjpbIkFDUl9MZXZlbF8yMCIsImN1c3RvbWVyIl0sIm5vdmFfc3ViIjoiNDY1MzQ3MGQtYjQ4Mi1mZTM5LWUwNTMtYjEyYTFjYWM3M2Y1IiwiZXhwIjoxNzg3NzYyNjAxLCJpYXQiOjE3ODc3NjIyNDEsImp0aSI6ImtieVlkdlo5UERXTW1EYVc0MUtETHlCVkpmSyJ9.6r6Bv4H5n3NXlUwCVobbgicdGKKi0sPg-nc2ehyv_qdLZeAuPGAaGvto9JP_odDmSVfAhXLgtoLoMvABJU56nxnkJlQ0NVScNrXAxwzdfqXDf5JbtbffKlQVGnrsGW6e
2026-08-26 16:39:16.036    InitRouter:     Swisspass alternative started starting
2026-08-26 16:39:16.054    InitRouter:     HTTP server on port 80
2026-08-26 16:39:16.201    TokenRouter:    eyJraWQiOiI1ZmZkY2YwMSIsInR5cCI6IkpXVCIsImFsZyI6IkVTMzg0In0.eyJzdWIiOiI5OTE0NTIyZi1mMGJmLTRkNzYtYWIyYy0yMjE3MmE1NzA0OTAiLCJ0a2lkIjoiNDY1MzQ3MGQtYjQ4Mi1mZTM5LWUwNTMtYjEyYTFjYWM3M2Y1IiwiaXNzIjoiaHR0cHM6Ly9sb2dpbi5zd2lzc3Bhc3MuY2gvdjMvb2V2LW9hdXRoL3Jlc3Qvb2F1dGgyL2F1dGhvcml6YXRpb24tc2VydmVycy9zd2lzc3Bhc3NfY2giLCJjbGllbnRfaWQiOiJzd2lzc3Bhc3NfY2giLCJyYW5kb20iOiJNdDBGSmtqdVZvMTdrbXJnYllqT0ExWnR0VXg1RWJRYkZ0eUh1aW00IiwibmJmIjoxNzg3NzYyMzUxLCJub3ZhX2NsaWVudF9jb2RlIjoiOTk1IiwiaWFsIjoiSUFMMiIsImF6cCI6InN3aXNzcGFzc19jaCIsIm5vdmFfb3JnX2NvZGUiOiIxMSIsInNjb3BlIjpbIkFDUl9MZXZlbF8yMCIsImN1c3RvbWVyIl0sIm5vdmFfc3ViIjoiNDY1MzQ3MGQtYjQ4Mi1mZTM5LWUwNTMtYjEyYTFjYWM3M2Y1IiwiZXhwIjoxNzg3NzYyNzE2LCJpYXQiOjE3ODc3NjIzNTYsImp0aSI6ImdCMjdqSThSMmNENGpmQnJkUEVJMDNMemhCayJ9.qmWPSB94VNpLuZLm7WeguSIzcxddR4KT0hp5F_OA2OFddTqEL4BERftRNBSSpzKosm9Y6Dudl11aXzGT2TZNDhMrvvgujJLBKVDI2Cq35ZolGqpjyMYgR3lSUz8gptI8
2026-08-26 16:41:23.817    InitRouter:     Swisspass alternative started starting
2026-08-26 16:41:23.834    InitRouter:     HTTP server on port 80
2026-08-26 16:41:23.992    TokenRouter:    eyJraWQiOiI1ZmZkY2YwMSIsInR5cCI6IkpXVCIsImFsZyI6IkVTMzg0In0.eyJzdWIiOiI5OTE0NTIyZi1mMGJmLTRkNzYtYWIyYy0yMjE3MmE1NzA0OTAiLCJ0a2lkIjoiNDY1MzQ3MGQtYjQ4Mi1mZTM5LWUwNTMtYjEyYTFjYWM3M2Y1IiwiaXNzIjoiaHR0cHM6Ly9sb2dpbi5zd2lzc3Bhc3MuY2gvdjMvb2V2LW9hdXRoL3Jlc3Qvb2F1dGgyL2F1dGhvcml6YXRpb24tc2VydmVycy9zd2lzc3Bhc3NfY2giLCJjbGllbnRfaWQiOiJzd2lzc3Bhc3NfY2giLCJyYW5kb20iOiJQZ3FQMmtTRmZISFFjSFJkRVVBeEdyaGdLM2F4YkdGcEFFRFhUNFdiIiwibmJmIjoxNzg3NzYyNDc4LCJub3ZhX2NsaWVudF9jb2RlIjoiOTk1IiwiaWFsIjoiSUFMMiIsImF6cCI6InN3aXNzcGFzc19jaCIsIm5vdmFfb3JnX2NvZGUiOiIxMSIsInNjb3BlIjpbIkFDUl9MZXZlbF8yMCIsImN1c3RvbWVyIl0sIm5vdmFfc3ViIjoiNDY1MzQ3MGQtYjQ4Mi1mZTM5LWUwNTMtYjEyYTFjYWM3M2Y1IiwiZXhwIjoxNzg3NzYyODQzLCJpYXQiOjE3ODc3NjI0ODMsImp0aSI6InBBell2RkFZRlltMGtDZkNlRGNRd01MTldOdSJ9.7kVD8ar9vsH_7pk0xJ1FEEKb5LLbeoeVtchNHjUk46BzF48rQOAFsqBXjcz8cvyOSjN97wFU22EZH55ofej03vAg32TF_yZf1XB64gG3GHUiglEMS7Ah4MgAKlmlu1VF
2026-08-26 16:44:55.263    InitRouter:     Swisspass alternative started starting
2026-08-26 16:44:55.285    InitRouter:     HTTP server on port 80
2026-08-26 16:44:59.499    InitRouter:     Swisspass alternative started starting
2026-08-26 16:44:59.522    InitRouter:     HTTP server on port 80
2026-08-26 16:47:55.383    InitRouter:     Swisspass alternative started starting
2026-08-26 16:47:55.401    InitRouter:     HTTP server on port 80
2026-08-26 16:47:55.595    TokenRouter:    eyJraWQiOiI1ZmZkY2YwMSIsInR5cCI6IkpXVCIsImFsZyI6IkVTMzg0In0.eyJzdWIiOiI5OTE0NTIyZi1mMGJmLTRkNzYtYWIyYy0yMjE3MmE1NzA0OTAiLCJ0a2lkIjoiNDY1MzQ3MGQtYjQ4Mi1mZTM5LWUwNTMtYjEyYTFjYWM3M2Y1IiwiaXNzIjoiaHR0cHM6Ly9sb2dpbi5zd2lzc3Bhc3MuY2gvdjMvb2V2LW9hdXRoL3Jlc3Qvb2F1dGgyL2F1dGhvcml6YXRpb24tc2VydmVycy9zd2lzc3Bhc3NfY2giLCJjbGllbnRfaWQiOiJzd2lzc3Bhc3NfY2giLCJyYW5kb20iOiJlZlJmQ2lTSzRFRWk2VlRBZ1FZYldjanY0d0NCSFAxZ1cxUzF5SEJBIiwibmJmIjoxNzg3NzYyODcwLCJub3ZhX2NsaWVudF9jb2RlIjoiOTk1IiwiaWFsIjoiSUFMMiIsImF6cCI6InN3aXNzcGFzc19jaCIsIm5vdmFfb3JnX2NvZGUiOiIxMSIsInNjb3BlIjpbIkFDUl9MZXZlbF8yMCIsImN1c3RvbWVyIl0sIm5vdmFfc3ViIjoiNDY1MzQ3MGQtYjQ4Mi1mZTM5LWUwNTMtYjEyYTFjYWM3M2Y1IiwiZXhwIjoxNzg3NzYzMjM1LCJpYXQiOjE3ODc3NjI4NzUsImp0aSI6IjJ3NDRQTWhnZ3dmb0d5V1p3WTNFUjUyaU1FYSJ9.fv82ZAbDAAxrbKbqDeQ1ftuGPQ-ayHdOrCqrGENy96sdrWBDFdsvLFBXgj3r6iLApqwBBwujpgc_smurgCRnUuWxdWmLnJwglKHImA81Gx5qpj083JcYF0d0HlOZpwZ5
2026-08-26 16:50:50.470    InitRouter:     Swisspass alternative started starting
2026-08-26 16:50:50.487    InitRouter:     HTTP server on port 3000
2026-08-26 16:50:50.643    TokenRouter:    eyJraWQiOiI1ZmZkY2YwMSIsInR5cCI6IkpXVCIsImFsZyI6IkVTMzg0In0.eyJzdWIiOiI5OTE0NTIyZi1mMGJmLTRkNzYtYWIyYy0yMjE3MmE1NzA0OTAiLCJ0a2lkIjoiNDY1MzQ3MGQtYjQ4Mi1mZTM5LWUwNTMtYjEyYTFjYWM3M2Y1IiwiaXNzIjoiaHR0cHM6Ly9sb2dpbi5zd2lzc3Bhc3MuY2gvdjMvb2V2LW9hdXRoL3Jlc3Qvb2F1dGgyL2F1dGhvcml6YXRpb24tc2VydmVycy9zd2lzc3Bhc3NfY2giLCJjbGllbnRfaWQiOiJzd2lzc3Bhc3NfY2giLCJyYW5kb20iOiJtdk1UdWpWc2c1Z1dKaHlNa1B0d09SVm80YWFkTWFIb1FTTUN3MFVoIiwibmJmIjoxNzg3NzYzMDQ1LCJub3ZhX2NsaWVudF9jb2RlIjoiOTk1IiwiaWFsIjoiSUFMMiIsImF6cCI6InN3aXNzcGFzc19jaCIsIm5vdmFfb3JnX2NvZGUiOiIxMSIsInNjb3BlIjpbIkFDUl9MZXZlbF8yMCIsImN1c3RvbWVyIl0sIm5vdmFfc3ViIjoiNDY1MzQ3MGQtYjQ4Mi1mZTM5LWUwNTMtYjEyYTFjYWM3M2Y1IiwiZXhwIjoxNzg3NzYzNDEwLCJpYXQiOjE3ODc3NjMwNTAsImp0aSI6IjdEUGQxOVgydHhycVZKS2JNaVVFRWpXbWo1WCJ9.J58SKFySBrjeP5aft3n_1Yx5XHctWfC_EeQYum3Fq0lWOyHfnvyuvpEocd3tIy_R9BMjSRt8l2H7WxI6qOr783lIu8AUCW9NkVqDM9NVaZRSplKNXILAr60XULVXnJi7
2026-08-26 16:51:24.644    InitRouter:     Swisspass alternative started starting
2026-08-26 16:51:24.662    InitRouter:     HTTP server on port 3000
2026-08-26 16:51:24.806    TokenRouter:    eyJraWQiOiI1ZmZkY2YwMSIsInR5cCI6IkpXVCIsImFsZyI6IkVTMzg0In0.eyJzdWIiOiI5OTE0NTIyZi1mMGJmLTRkNzYtYWIyYy0yMjE3MmE1NzA0OTAiLCJ0a2lkIjoiNDY1MzQ3MGQtYjQ4Mi1mZTM5LWUwNTMtYjEyYTFjYWM3M2Y1IiwiaXNzIjoiaHR0cHM6Ly9sb2dpbi5zd2lzc3Bhc3MuY2gvdjMvb2V2LW9hdXRoL3Jlc3Qvb2F1dGgyL2F1dGhvcml6YXRpb24tc2VydmVycy9zd2lzc3Bhc3NfY2giLCJjbGllbnRfaWQiOiJzd2lzc3Bhc3NfY2giLCJyYW5kb20iOiJCV1QzcWN6ZTRCWUxNTXBiU29wdzNHT0t2NlVsNFRCQUVvN25DVnEwIiwibmJmIjoxNzg3NzYzMDc5LCJub3ZhX2NsaWVudF9jb2RlIjoiOTk1IiwiaWFsIjoiSUFMMiIsImF6cCI6InN3aXNzcGFzc19jaCIsIm5vdmFfb3JnX2NvZGUiOiIxMSIsInNjb3BlIjpbIkFDUl9MZXZlbF8yMCIsImN1c3RvbWVyIl0sIm5vdmFfc3ViIjoiNDY1MzQ3MGQtYjQ4Mi1mZTM5LWUwNTMtYjEyYTFjYWM3M2Y1IiwiZXhwIjoxNzg3NzYzNDQ0LCJpYXQiOjE3ODc3NjMwODQsImp0aSI6IkNnYnRHZnFBVVEyZVR4akxmVE9iN2ZEemhQZCJ9.eQSUZLA7ErldHcz2VzSw45SP8ZLwWhvZW4qL1s08tEZa7S6DaYLhvCkaBPJ0O5nlT2u1XGHnhOxmeT9vwIZLCSC3VEQ3jiwk8QoX7dImm6h2hSIi7EA8uT57_5O4Iv0J
2026-08-26 16:52:38.129    InitRouter:     Swisspass alternative started starting
2026-08-26 16:52:38.146    InitRouter:     HTTP server on port 3000
2026-08-26 16:52:38.306    TokenRouter:    eyJraWQiOiI1ZmZkY2YwMSIsInR5cCI6IkpXVCIsImFsZyI6IkVTMzg0In0.eyJzdWIiOiI5OTE0NTIyZi1mMGJmLTRkNzYtYWIyYy0yMjE3MmE1NzA0OTAiLCJ0a2lkIjoiNDY1MzQ3MGQtYjQ4Mi1mZTM5LWUwNTMtYjEyYTFjYWM3M2Y1IiwiaXNzIjoiaHR0cHM6Ly9sb2dpbi5zd2lzc3Bhc3MuY2gvdjMvb2V2LW9hdXRoL3Jlc3Qvb2F1dGgyL2F1dGhvcml6YXRpb24tc2VydmVycy9zd2lzc3Bhc3NfY2giLCJjbGllbnRfaWQiOiJzd2lzc3Bhc3NfY2giLCJyYW5kb20iOiJpcVNaZ0NIczJ0RjYyVFdtYmdtU0RDUUNsTDBpeGY0REM5SGtQNTV4IiwibmJmIjoxNzg3NzYzMTUzLCJub3ZhX2NsaWVudF9jb2RlIjoiOTk1IiwiaWFsIjoiSUFMMiIsImF6cCI6InN3aXNzcGFzc19jaCIsIm5vdmFfb3JnX2NvZGUiOiIxMSIsInNjb3BlIjpbIkFDUl9MZXZlbF8yMCIsImN1c3RvbWVyIl0sIm5vdmFfc3ViIjoiNDY1MzQ3MGQtYjQ4Mi1mZTM5LWUwNTMtYjEyYTFjYWM3M2Y1IiwiZXhwIjoxNzg3NzYzNTE4LCJpYXQiOjE3ODc3NjMxNTgsImp0aSI6ImJ2WHVXWEdtZnpOeXY5RlM1NXRCNDB2dHRZbyJ9.eqNHUvcu555mLN8YkREZ2-hlkvbwS6W64cbhoVb8RH3a4VkZGlcBq_3corbq3tQbssKq-p4CIoc-hgnZiSQxP70ko8U6Ua1_0-Piq8mSjajTUX9UGfwK0oVgAu5Bgaqu
2026-08-26 16:52:44.336    InitRouter:     [object Object]
2026-08-26 16:53:15.662    InitRouter:     Swisspass alternative started starting
2026-08-26 16:53:15.680    InitRouter:     HTTP server on port 3000
2026-08-26 16:54:25.402    InitRouter:     Swisspass alternative started starting
2026-08-26 16:54:25.420    InitRouter:     HTTP server on port 3000
2026-08-26 16:55:12.023    InitRouter:     Swisspass alternative started starting
2026-08-26 16:55:12.041    InitRouter:     HTTP server on port 3000
2026-08-26 16:55:51.723    InitRouter:     Swisspass alternative started starting
2026-08-26 16:55:51.740    InitRouter:     HTTP server on port 3000
2026-08-26 16:55:51.939    TokenRouter:    eyJraWQiOiI1ZmZkY2YwMSIsInR5cCI6IkpXVCIsImFsZyI6IkVTMzg0In0.eyJzdWIiOiI5OTE0NTIyZi1mMGJmLTRkNzYtYWIyYy0yMjE3MmE1NzA0OTAiLCJ0a2lkIjoiNDY1MzQ3MGQtYjQ4Mi1mZTM5LWUwNTMtYjEyYTFjYWM3M2Y1IiwiaXNzIjoiaHR0cHM6Ly9sb2dpbi5zd2lzc3Bhc3MuY2gvdjMvb2V2LW9hdXRoL3Jlc3Qvb2F1dGgyL2F1dGhvcml6YXRpb24tc2VydmVycy9zd2lzc3Bhc3NfY2giLCJjbGllbnRfaWQiOiJzd2lzc3Bhc3NfY2giLCJyYW5kb20iOiJEV3ZVWUlUck9MZFlDc0NiOExBeWducWN4RWRsclpXYnRCRGljd3pOIiwibmJmIjoxNzg3NzYzMzQ2LCJub3ZhX2NsaWVudF9jb2RlIjoiOTk1IiwiaWFsIjoiSUFMMiIsImF6cCI6InN3aXNzcGFzc19jaCIsIm5vdmFfb3JnX2NvZGUiOiIxMSIsInNjb3BlIjpbIkFDUl9MZXZlbF8xMCIsImN1c3RvbWVyIl0sIm5vdmFfc3ViIjoiNDY1MzQ3MGQtYjQ4Mi1mZTM5LWUwNTMtYjEyYTFjYWM3M2Y1IiwiZXhwIjoxNzg3NzYzNzExLCJpYXQiOjE3ODc3NjMzNTEsImp0aSI6IjNvUjBDT0NLNHp2QTJnSUx2MHhFSVVhMkoyayJ9.fR-5akQwZREiC52uH0vKqpJveYum1m2Lzc22ABltOQLEoW0_gmIo_JPQJ8b0ZPhsPawv-I--LLKPxYScigP4mMeikT_uviV87Lz6SrLez5ic-fqE1i0wpgmaX7HqwlnO
2026-08-26 16:55:58.052    InitRouter:     [
  {
    "reisenderTkid": "4653470d-b482-fe39-e053-b12a1cac73f5",
    "reisenderAnzeigeName": "Manuel Waldburger",
    "produktnummer": 40442,
    "zahlungsintervall": "JAEHRLICH",
    "klasse": "ZWEITE",
    "geschaeftsfeld": "B2C",
    "zahlungsInfo": {
      "betrag": "800.00",
      "waehrung": "CHF"
    },
    "ersterGueltigkeitsTag": "2026-08-25",
    "letzterGueltigkeitsTag": "2027-08-24",
    "status": "GUELTIG",
    "logoUrl": "https://resources.swisspass.ch/content/dam/swisspass/logo/produkte/flexiabo/474_de.svg",
    "bezeichnung": "Passepartout FlexiAbo 100 Tage",
    "zonenGeltungsbereich": [
      {
        "verbundBezeichnung": "Passepartout",
        "alleZonen": false,
        "zonen": [
          "10",
          "26",
          "33",
          "46"
        ]
      }
    ],
    "ausflugstageInfo": {
      "verfuegbar": 98,
      "total": 100,
      "verwaltbar": true
    },
    "leistungId": "1758118484",
    "abotyp": "flexiabo"
  }
]
2026-08-26 17:13:45.697    Server:         No refresh token stored. Open the app and connect via the browser extension.
2026-08-26 17:13:45.698    Server:         Server running at http://localhost:3000
2026-08-26 17:20:43.842    Server:         No refresh token stored. Open the app and connect via the browser extension.
2026-08-26 17:21:24.487    ApiTokens:      Created API token: Main
2026-08-26 17:21:29.040    ApiTokens:      Revoked API token: Main
2026-08-26 17:24:39.099    Server:         No refresh token stored. Open the app and connect via the browser extension.
2026-08-26 17:24:43.276    Server:         No refresh token stored. Open the app and connect via the browser extension.
2026-08-26 17:24:43.277    Server:         Server running at http://localhost:3001
2026-08-26 17:26:31.466    Server:         No refresh token stored. Open the app and connect via the browser extension.
2026-08-26 17:26:31.467    Server:         Server running at http://localhost:3001
2026-08-26 17:27:29.097    Server:         No refresh token stored. Open the app and connect via the browser extension.
2026-08-26 17:27:29.098    Server:         Server running at http://localhost:3001
2026-08-26 17:29:55.278    Server:         No refresh token stored. Open the app and connect via the browser extension.
2026-08-26 17:29:55.278    Server:         Server running at http://localhost:3001
2026-08-26 17:31:33.325    Server:         No refresh token stored. Open the app and connect via the browser extension.
2026-08-26 17:31:33.326    Server:         Server running at http://localhost:3001
2026-08-26 17:34:58.697    Server:         No refresh token stored. Open the app and connect via the browser extension.
2026-08-26 17:34:58.698    Server:         Server running at http://localhost:3001
2026-08-26 17:37:34.823    TokenRouter:    Token refreshed and persisted ✓
2026-08-26 17:37:34.823    TokenRouter:    Token hot-reloaded from external source
2026-08-26 17:37:34.823    AuthRoute:      Refresh token updated and reloaded via API
2026-08-26 17:38:31.171    DaysRoute:      SwissPass API POST /public/api/leistungen/v7/abonnements/1758118484/ausflugstage returned 405: {"status":405,"detail":"Method 'POST' is not supported.","instance":"/api/leistungen/v7/abonnements/1758118484/ausflugstage"}
2026-08-26 17:38:43.352    TokenStore:     Loaded refresh token from disk
2026-08-26 17:38:43.373    Server:         Server running at http://localhost:3001
2026-08-26 17:38:43.583    TokenRouter:    Token refreshed and persisted ✓
2026-08-26 17:38:43.583    Server:         TokenManager started ✓
2026-08-26 17:39:07.175    Server:         No refresh token stored. Open the app and connect via the browser extension.
2026-08-26 17:39:07.175    Server:         Server running at http://localhost:3001
2026-08-26 17:40:21.507    TokenRouter:    Token refreshed and persisted ✓
2026-08-26 17:40:21.508    TokenRouter:    Token hot-reloaded from external source
2026-08-26 17:40:21.508    AuthRoute:      Refresh token updated and reloaded via API
2026-08-26 17:40:23.302    TokenRouter:    Token refreshed and persisted ✓
2026-08-26 17:40:23.302    TokenRouter:    Token hot-reloaded from external source
2026-08-26 17:40:23.302    AuthRoute:      Refresh token updated and reloaded via API
2026-08-26 17:41:22.072    DaysRoute:      SwissPass API POST /public/api/leistungen/v7/abonnements/1758118484/ausflugstage returned 405: {"status":405,"detail":"Method 'POST' is not supported.","instance":"/api/leistungen/v7/abonnements/1758118484/ausflugstage"}
2026-08-26 17:42:05.864    TokenRouter:    Token refreshed and persisted ✓
2026-08-26 17:42:05.864    TokenRouter:    Token hot-reloaded from external source
2026-08-26 17:42:05.864    AuthRoute:      Refresh token updated and reloaded via API
2026-08-26 17:43:02.974    TokenStore:     Loaded refresh token from disk
2026-08-26 17:43:54.310    Server:         No refresh token stored. Open the app and connect via the browser extension.
2026-08-26 17:43:54.311    Server:         Server running at http://localhost:3001
2026-08-26 17:45:38.885    Server:         No refresh token stored. Open the app and connect via the browser extension.
2026-08-26 17:45:38.886    Server:         Server running at http://localhost:3001
2026-08-26 17:46:36.959    TokenRouter:    Token refreshed and persisted ✓
2026-08-26 17:46:36.959    TokenRouter:    Token hot-reloaded from external source
2026-08-26 17:46:36.959    AuthRoute:      Refresh token updated and reloaded via API
2026-08-26 17:46:51.336    ApiTokens:      Created API token: ff
2026-08-26 17:51:09.602    TokenRouter:    Token refreshed and persisted ✓
2026-08-26 17:51:09.602    TokenRouter:    Token hot-reloaded from external source
2026-08-26 17:51:09.602    AuthRoute:      Refresh token updated and reloaded via API
2026-08-26 17:53:19.468    TokenStore:     Loaded refresh token from disk
2026-08-26 17:53:19.488    Server:         Server running at http://localhost:3001
2026-08-26 17:53:19.697    TokenRouter:    Token refreshed and persisted ✓
2026-08-26 17:53:19.697    Server:         TokenManager started ✓
2026-08-26 17:53:46.464    DaysRoute:      SwissPass API POST /public/api/leistungen/v7/abonnements/1758118484/ausflugstage returned 405: {"status":405,"detail":"Method 'POST' is not supported.","instance":"/api/leistungen/v7/abonnements/1758118484/ausflugstage"}
2026-08-26 17:53:46.881    DaysRoute:      SwissPass API POST /public/api/leistungen/v7/abonnements/1758118484/ausflugstage returned 405: {"status":405,"detail":"Method 'POST' is not supported.","instance":"/api/leistungen/v7/abonnements/1758118484/ausflugstage"}
2026-08-26 17:53:47.239    DaysRoute:      SwissPass API POST /public/api/leistungen/v7/abonnements/1758118484/ausflugstage returned 405: {"status":405,"detail":"Method 'POST' is not supported.","instance":"/api/leistungen/v7/abonnements/1758118484/ausflugstage"}
2026-08-26 17:53:47.820    DaysRoute:      SwissPass API POST /public/api/leistungen/v7/abonnements/1758118484/ausflugstage returned 405: {"status":405,"detail":"Method 'POST' is not supported.","instance":"/api/leistungen/v7/abonnements/1758118484/ausflugstage"}
2026-08-26 17:53:48.009    DaysRoute:      SwissPass API POST /public/api/leistungen/v7/abonnements/1758118484/ausflugstage returned 405: {"status":405,"detail":"Method 'POST' is not supported.","instance":"/api/leistungen/v7/abonnements/1758118484/ausflugstage"}
2026-08-26 17:53:48.332    DaysRoute:      SwissPass API POST /public/api/leistungen/v7/abonnements/1758118484/ausflugstage returned 405: {"status":405,"detail":"Method 'POST' is not supported.","instance":"/api/leistungen/v7/abonnements/1758118484/ausflugstage"}
2026-08-26 17:53:48.555    DaysRoute:      SwissPass API POST /public/api/leistungen/v7/abonnements/1758118484/ausflugstage returned 405: {"status":405,"detail":"Method 'POST' is not supported.","instance":"/api/leistungen/v7/abonnements/1758118484/ausflugstage"}
2026-08-26 17:53:48.947    DaysRoute:      SwissPass API POST /public/api/leistungen/v7/abonnements/1758118484/ausflugstage returned 405: {"status":405,"detail":"Method 'POST' is not supported.","instance":"/api/leistungen/v7/abonnements/1758118484/ausflugstage"}
2026-08-26 17:53:49.240    DaysRoute:      SwissPass API POST /public/api/leistungen/v7/abonnements/1758118484/ausflugstage returned 405: {"status":405,"detail":"Method 'POST' is not supported.","instance":"/api/leistungen/v7/abonnements/1758118484/ausflugstage"}
2026-08-26 17:53:49.572    DaysRoute:      SwissPass API POST /public/api/leistungen/v7/abonnements/1758118484/ausflugstage returned 405: {"status":405,"detail":"Method 'POST' is not supported.","instance":"/api/leistungen/v7/abonnements/1758118484/ausflugstage"}
2026-08-26 17:55:16.261    DaysRoute:      SwissPass API POST /public/api/leistungen/v7/abonnements/1758118484/ausflugstage returned 405: {"status":405,"detail":"Method 'POST' is not supported.","instance":"/api/leistungen/v7/abonnements/1758118484/ausflugstage"}
2026-08-26 17:55:17.552    DaysRoute:      SwissPass API POST /public/api/leistungen/v7/abonnements/1758118484/ausflugstage returned 405: {"status":405,"detail":"Method 'POST' is not supported.","instance":"/api/leistungen/v7/abonnements/1758118484/ausflugstage"}
2026-08-26 17:55:17.850    DaysRoute:      SwissPass API POST /public/api/leistungen/v7/abonnements/1758118484/ausflugstage returned 405: {"status":405,"detail":"Method 'POST' is not supported.","instance":"/api/leistungen/v7/abonnements/1758118484/ausflugstage"}
2026-08-26 17:55:18.857    DaysRoute:      SwissPass API POST /public/api/leistungen/v7/abonnements/1758118484/ausflugstage returned 405: {"status":405,"detail":"Method 'POST' is not supported.","instance":"/api/leistungen/v7/abonnements/1758118484/ausflugstage"}
2026-08-26 17:55:19.235    DaysRoute:      SwissPass API POST /public/api/leistungen/v7/abonnements/1758118484/ausflugstage returned 405: {"status":405,"detail":"Method 'POST' is not supported.","instance":"/api/leistungen/v7/abonnements/1758118484/ausflugstage"}
2026-08-26 17:55:19.468    DaysRoute:      SwissPass API POST /public/api/leistungen/v7/abonnements/1758118484/ausflugstage returned 405: {"status":405,"detail":"Method 'POST' is not supported.","instance":"/api/leistungen/v7/abonnements/1758118484/ausflugstage"}
2026-08-26 17:55:19.812    DaysRoute:      SwissPass API POST /public/api/leistungen/v7/abonnements/1758118484/ausflugstage returned 405: {"status":405,"detail":"Method 'POST' is not supported.","instance":"/api/leistungen/v7/abonnements/1758118484/ausflugstage"}
2026-08-26 17:55:20.198    DaysRoute:      SwissPass API POST /public/api/leistungen/v7/abonnements/1758118484/ausflugstage returned 405: {"status":405,"detail":"Method 'POST' is not supported.","instance":"/api/leistungen/v7/abonnements/1758118484/ausflugstage"}
2026-08-26 17:58:19.824    TokenRouter:    Token refresh error: Token refresh failed (400): {"error":"invalid_grant"}
2026-08-26 18:03:20.012    TokenRouter:    Token refresh error: Token refresh failed (400): {"error":"invalid_grant"}
2026-08-26 18:08:19.878    TokenRouter:    Token refresh error: Token refresh failed (400): {"error":"invalid_grant"}
2026-08-26 18:13:19.924    TokenRouter:    Token refresh error: Token refresh failed (400): {"error":"invalid_grant"}
2026-08-26 18:18:20.001    TokenRouter:    Token refresh error: Token refresh failed (400): {"error":"invalid_grant"}
2026-08-26 18:23:20.010    TokenRouter:    Token refresh error: Token refresh failed (400): {"error":"invalid_grant"}
2026-08-26 18:28:20.000    TokenRouter:    Token refresh error: Token refresh failed (400): {"error":"invalid_grant"}
2026-08-26 18:33:20.012    TokenRouter:    Token refresh error: Token refresh failed (400): {"error":"invalid_grant"}
2026-08-26 18:38:20.112    TokenRouter:    Token refresh error: Token refresh failed (400): {"error":"invalid_grant"}
2026-08-26 18:43:20.107    TokenRouter:    Token refresh error: Token refresh failed (400): {"error":"invalid_grant"}
2026-08-26 18:48:20.104    TokenRouter:    Token refresh error: Token refresh failed (400): {"error":"invalid_grant"}
2026-08-26 18:53:20.117    TokenRouter:    Token refresh error: Token refresh failed (400): {"error":"invalid_grant"}
2026-08-26 18:58:20.300    TokenRouter:    Token refresh error: Token refresh failed (400): {"error":"invalid_grant"}
2026-08-26 19:03:20.222    TokenRouter:    Token refresh error: Token refresh failed (400): {"error":"invalid_grant"}
2026-08-26 19:08:20.227    TokenRouter:    Token refresh error: Token refresh failed (400): {"error":"invalid_grant"}
2026-08-26 19:13:20.272    TokenRouter:    Token refresh error: Token refresh failed (400): {"error":"invalid_grant"}
2026-08-26 19:18:20.255    TokenRouter:    Token refresh error: Token refresh failed (400): {"error":"invalid_grant"}
